<?xml version="1.0" encoding="utf-8"?>
<TestRun id="8ff33cde-62a9-44da-a566-5714cc659af3" name="Admin@DESKTOP-VM4E32V 2026-09-13 13:41:00" runUser="DESKTOP-VM4E32V\Admin" xmlns="http://microsoft.com/schemas/VisualStudio/TeamTest/2010">
  <Times creation="2026-09-13T13:41:00.2869900+07:00" queuing="2026-09-13T13:41:00.2869902+07:00" start="2026-09-13T13:40:58.9718569+07:00" finish="2026-09-13T13:41:00.3370718+07:00" />
  <TestSettings name="default" id="0db94d5a-ad45-45c5-b7a6-30a8f6be6ae7">
    <Deployment runDeploymentRoot="Admin_DESKTOP-VM4E32V_2026-09-13_13_41_00" />
  </TestSettings>
  <Results>
    <UnitTestResult executionId="cccedb44-c476-4990-978f-e902b0dd0986" testId="1eb23a6a-9cf2-0482-1f6a-ea56cf956eb7" testName="TokenVector.Data.Tests.ColumnAndSeriesTests.TestBitmapMask_SliceAndFromIndices" computerName="DESKTOP-VM4E32V" duration="00:00:00.0004153" startTime="2026-09-13T13:41:00.2511587+07:00" endTime="2026-09-13T13:41:00.2511588+07:00" testType="13cdc9d9-ddb5-4fa4-a97d-d965ccfc6d4b" outcome="Passed" testListId="8c84fa94-04c1-424b-9868-57a2d4851a1d" relativeResultsDirectory="cccedb44-c476-4990-978f-e902b0dd0986" />
    <UnitTestResult executionId="29a78831-31d5-4e97-9991-55ed9d2d7745" testId="108ec7ef-d2aa-9c57-d323-649b50c2b7f5" testName="TokenVector.Data.Tests.CsvAndJsonIOTests.TestCsvReader_BasicAndQuotedFields" computerName="DESKTOP-VM4E32V" duration="00:00:00.0003193" startTime="2026-09-13T13:41:00.2553065+07:00" endTime="2026-09-13T13:41:00.2553066+07:00" testType="13cdc9d9-ddb5-4fa4-a97d-d965ccfc6d4b" outcome="Passed" testListId="8c84fa94-04c1-424b-9868-57a2d4851a1d" relativeResultsDirectory="29a78831-31d5-4e97-9991-55ed9d2d7745" />
    <UnitTestResult executionId="91277771-c60e-4d4f-a652-6976a9d06bd4" testId="30ceb034-da15-79a5-535a-d2754fa60060" testName="TokenVector.Data.Tests.FilterAndComputeTests.TestVectorMath_UnaryAndTrig" computerName="DESKTOP-VM4E32V" duration="00:00:00.0065191" startTime="2026-09-13T13:41:00.2511792+07:00" endTime="2026-09-13T13:41:00.2511793+07:00" testType="13cdc9d9-ddb5-4fa4-a97d-d965ccfc6d4b" outcome="Passed" testListId="8c84fa94-04c1-424b-9868-57a2d4851a1d" relativeResultsDirectory="91277771-c60e-4d4f-a652-6976a9d06bd4" />
    <UnitTestResult executionId="d8293e1d-14d1-4657-b0f1-f1d27b50f6ce" testId="32e633f7-2c50-a9ae-9717-65ffb2fd489f" testName="TokenVector.Data.Tests.GroupByTests.TestGroupBy_MultiKeyAggregations" computerName="DESKTOP-VM4E32V" duration="00:00:00.0004099" startTime="2026-09-13T13:41:00.2543834+07:00" endTime="2026-09-13T13:41:00.2543835+07:00" testType="13cdc9d9-ddb5-4fa4-a97d-d965ccfc6d4b" outcome="Passed" testListId="8c84fa94-04c1-424b-9868-57a2d4851a1d" relativeResultsDirectory="d8293e1d-14d1-4657-b0f1-f1d27b50f6ce" />
    <UnitTestResult executionId="af4c0318-e4ec-4e87-9297-80dcfa58c352" testId="75f74b4c-192b-48d4-1015-00cf8a71164e" testName="TokenVector.Data.Tests.ArrowAndMemMapTests.TestOutOfCoreDataFrame_PersistAndBatchRead" computerName="DESKTOP-VM4E32V" duration="00:00:00.0065557" startTime="2026-09-13T13:41:00.2512590+07:00" endTime="2026-09-13T13:41:00.2512591+07:00" testType="13cdc9d9-ddb5-4fa4-a97d-d965ccfc6d4b" outcome="Passed" testListId="8c84fa94-04c1-424b-9868-57a2d4851a1d" relativeResultsDirectory="af4c0318-e4ec-4e87-9297-80dcfa58c352" />
    <UnitTestResult executionId="5f4d3bc7-766a-41aa-838d-03395752f839" testId="2c6b8627-d8ca-75f1-22c7-fcb460dbfa40" testName="TokenVector.Data.Tests.ArrowAndMemMapTests.TestArrowIpc_StreamRoundTrip" computerName="DESKTOP-VM4E32V" duration="00:00:00.0165285" startTime="2026-09-13T13:41:00.2099457+07:00" endTime="2026-09-13T13:41:00.2099459+07:00" testType="13cdc9d9-ddb5-4fa4-a97d-d965ccfc6d4b" outcome="Passed" testListId="8c84fa94-04c1-424b-9868-57a2d4851a1d" relativeResultsDirectory="5f4d3bc7-766a-41aa-838d-03395752f839" />
    <UnitTestResult executionId="1166ca8d-20a7-455f-8685-952aa86bb71b" testId="0a3cbc3d-a95a-0785-a864-34a0ea87dc15" testName="TokenVector.Data.Tests.ColumnAndSeriesTests.TestChunkedArray_FlattenAndIndexing" computerName="DESKTOP-VM4E32V" duration="00:00:00.0030550" startTime="2026-09-13T13:41:00.2510847+07:00" endTime="2026-09-13T13:41:00.2510848+07:00" testType="13cdc9d9-ddb5-4fa4-a97d-d965ccfc6d4b" outcome="Passed" testListId="8c84fa94-04c1-424b-9868-57a2d4851a1d" relativeResultsDirectory="1166ca8d-20a7-455f-8685-952aa86bb71b" />
    <UnitTestResult executionId="236d9d6d-19ec-47d5-a91b-796b00447afb" testId="6de8ea69-a5ac-5500-457e-5d2be1c86e02" testName="TokenVector.Data.Tests.FilterAndComputeTests.TestVectorMath_Comparisons" computerName="DESKTOP-VM4E32V" duration="00:00:00.0016255" startTime="2026-09-13T13:41:00.2518768+07:00" endTime="2026-09-13T13:41:00.2518768+07:00" testType="13cdc9d9-ddb5-4fa4-a97d-d965ccfc6d4b" outcome="Passed" testListId="8c84fa94-04c1-424b-9868-57a2d4851a1d" relativeResultsDirectory="236d9d6d-19ec-47d5-a91b-796b00447afb" />
    <UnitTestResult executionId="c67d00bc-a8b8-4019-8d33-e6aba6e4ed3d" testId="8cb473fe-0b6c-d11c-400c-2a66b69b5c56" testName="TokenVector.Data.Tests.GroupByTests.TestGroupBy_FirstLastStdAggregations" computerName="DESKTOP-VM4E32V" duration="00:00:00.0294135" startTime="2026-09-13T13:41:00.2525219+07:00" endTime="2026-09-13T13:41:00.2525219+07:00" testType="13cdc9d9-ddb5-4fa4-a97d-d965ccfc6d4b" outcome="Passed" testListId="8c84fa94-04c1-424b-9868-57a2d4851a1d" relativeResultsDirectory="c67d00bc-a8b8-4019-8d33-e6aba6e4ed3d" />
    <UnitTestResult executionId="4c9a8f40-e05f-4b15-a2bb-4b02a76340b5" testId="33496343-b282-14ec-b39c-85ce0c1ca3ea" testName="TokenVector.Data.Tests.GroupByTests.TestGroupBy_SingleKeyAggregations" computerName="DESKTOP-VM4E32V" duration="00:00:00.0062840" startTime="2026-09-13T13:41:00.2542256+07:00" endTime="2026-09-13T13:41:00.2542256+07:00" testType="13cdc9d9-ddb5-4fa4-a97d-d965ccfc6d4b" outcome="Passed" testListId="8c84fa94-04c1-424b-9868-57a2d4851a1d" relativeResultsDirectory="4c9a8f40-e05f-4b15-a2bb-4b02a76340b5" />
    <UnitTestResult executionId="a358f5cb-30a8-4480-ac00-f708d9756532" testId="ced2e4a7-df42-282f-1b60-0e682218ed01" testName="TokenVector.Data.Tests.DataFrameBasicTests.TestDataFrame_MaskIndexerAndSelection" computerName="DESKTOP-VM4E32V" duration="00:00:00.0004282" startTime="2026-09-13T13:41:00.2492478+07:00" endTime="2026-09-13T13:41:00.2492478+07:00" testType="13cdc9d9-ddb5-4fa4-a97d-d965ccfc6d4b" outcome="Passed" testListId="8c84fa94-04c1-424b-9868-57a2d4851a1d" relativeResultsDirectory="a358f5cb-30a8-4480-ac00-f708d9756532" />
    <UnitTestResult executionId="f005f47c-6aa4-4587-a7f5-c2db08356e31" testId="28783de9-0e5e-c3ac-03f8-be7f6a673a69" testName="TokenVector.Data.Tests.CsvAndJsonIOTests.TestJsonReader_NDJson" computerName="DESKTOP-VM4E32V" duration="00:00:00.0015872" startTime="2026-09-13T13:41:00.2551815+07:00" endTime="2026-09-13T13:41:00.2551815+07:00" testType="13cdc9d9-ddb5-4fa4-a97d-d965ccfc6d4b" outcome="Passed" testListId="8c84fa94-04c1-424b-9868-57a2d4851a1d" relativeResultsDirectory="f005f47c-6aa4-4587-a7f5-c2db08356e31" />
    <UnitTestResult executionId="4435b4fd-06d0-409c-8c3a-e5232ad52ef3" testId="e914f59f-1c6d-3946-5463-a23c8d1be0a9" testName="TokenVector.Data.Tests.FilterAndComputeTests.TestVectorMath_ArithmeticOperations" computerName="DESKTOP-VM4E32V" duration="00:00:00.0026224" startTime="2026-09-13T13:41:00.2545540+07:00" endTime="2026-09-13T13:41:00.2545541+07:00" testType="13cdc9d9-ddb5-4fa4-a97d-d965ccfc6d4b" outcome="Passed" testListId="8c84fa94-04c1-424b-9868-57a2d4851a1d" relativeResultsDirectory="4435b4fd-06d0-409c-8c3a-e5232ad52ef3" />
    <UnitTestResult executionId="6c0f6fa6-d270-45c1-96f3-eaa1a63492a9" testId="b2b3a7bb-e490-3ecd-b2e7-738e73a8d706" testName="TokenVector.Data.Tests.NumericsInteropTests.TestDataFrameToNDArray_2DMatrix" computerName="DESKTOP-VM4E32V" duration="00:00:00.0175540" startTime="2026-09-13T13:41:00.2103939+07:00" endTime="2026-09-13T13:41:00.2103939+07:00" testType="13cdc9d9-ddb5-4fa4-a97d-d965ccfc6d4b" outcome="Passed" testListId="8c84fa94-04c1-424b-9868-57a2d4851a1d" relativeResultsDirectory="6c0f6fa6-d270-45c1-96f3-eaa1a63492a9" />
    <UnitTestResult executionId="f8d8e7d3-550f-467d-831d-2d539cc5f0fe" testId="1ef8f2a0-afb2-436d-de67-fbfe9448655f" testName="TokenVector.Data.Tests.JoinAndReshapeTests.TestJoin_AsOfJoin_TimeMatching" computerName="DESKTOP-VM4E32V" duration="00:00:00.0004288" startTime="2026-09-13T13:41:00.2535668+07:00" endTime="2026-09-13T13:41:00.2535668+07:00" testType="13cdc9d9-ddb5-4fa4-a97d-d965ccfc6d4b" outcome="Passed" testListId="8c84fa94-04c1-424b-9868-57a2d4851a1d" relativeResultsDirectory="f8d8e7d3-550f-467d-831d-2d539cc5f0fe" />
    <UnitTestResult executionId="8b6299af-0e54-4c5e-868c-c7013e368ed7" testId="c4a75839-7e7d-7d54-c96f-e01bf2acf2bf" testName="TokenVector.Data.Tests.JoinAndReshapeTests.TestJoin_InnerJoin" computerName="DESKTOP-VM4E32V" duration="00:00:00.0179923" startTime="2026-09-13T13:41:00.2104813+07:00" endTime="2026-09-13T13:41:00.2104814+07:00" testType="13cdc9d9-ddb5-4fa4-a97d-d965ccfc6d4b" outcome="Passed" testListId="8c84fa94-04c1-424b-9868-57a2d4851a1d" relativeResultsDirectory="8b6299af-0e54-4c5e-868c-c7013e368ed7" />
    <UnitTestResult executionId="8b0e8435-e4ed-4a7e-8249-bf5198ae997b" testId="f04b413c-ce52-7ab7-c7a1-2e9d521feabb" testName="TokenVector.Data.Tests.FilterAndComputeTests.TestWindowFunctions_ShiftDiffCumSumRank" computerName="DESKTOP-VM4E32V" duration="00:00:00.0046077" startTime="2026-09-13T13:41:00.2527094+07:00" endTime="2026-09-13T13:41:00.2527095+07:00" testType="13cdc9d9-ddb5-4fa4-a97d-d965ccfc6d4b" outcome="Passed" testListId="8c84fa94-04c1-424b-9868-57a2d4851a1d" relativeResultsDirectory="8b0e8435-e4ed-4a7e-8249-bf5198ae997b" />
    <UnitTestResult executionId="8f1c6a52-c057-4e4d-8ebe-07396dddc5c3" testId="ec66bec2-e1cc-2da4-c319-4250985b1aaf" testName="TokenVector.Data.Tests.FilterAndComputeTests.TestFilterEngine_CombineMasks" computerName="DESKTOP-VM4E32V" duration="00:00:00.0005885" startTime="2026-09-13T13:41:00.2554330+07:00" endTime="2026-09-13T13:41:00.2554331+07:00" testType="13cdc9d9-ddb5-4fa4-a97d-d965ccfc6d4b" outcome="Passed" testListId="8c84fa94-04c1-424b-9868-57a2d4851a1d" relativeResultsDirectory="8f1c6a52-c057-4e4d-8ebe-07396dddc5c3" />
    <UnitTestResult executionId="38913240-ff7d-4ec7-aff7-90ef5c7d817b" testId="f353c519-d692-5c26-0107-019b18c9d459" testName="TokenVector.Data.Tests.CsvAndJsonIOTests.TestCsvWriter_RoundTrip" computerName="DESKTOP-VM4E32V" duration="00:00:00.0027895" startTime="2026-09-13T13:41:00.2544577+07:00" endTime="2026-09-13T13:41:00.2544577+07:00" testType="13cdc9d9-ddb5-4fa4-a97d-d965ccfc6d4b" outcome="Passed" testListId="8c84fa94-04c1-424b-9868-57a2d4851a1d" relativeResultsDirectory="38913240-ff7d-4ec7-aff7-90ef5c7d817b" />
    <UnitTestResult executionId="4a68fae5-11c3-45ea-9f24-0d7bd8f2db21" testId="cb78d588-0391-303c-0841-81b163b7b1df" testName="TokenVector.Data.Tests.GroupByTests.TestGroupBy_WithNullValues" computerName="DESKTOP-VM4E32V" duration="00:00:00.0007755" startTime="2026-09-13T13:41:00.2525873+07:00" endTime="2026-09-13T13:41:00.2525874+07:00" testType="13cdc9d9-ddb5-4fa4-a97d-d965ccfc6d4b" outcome="Passed" testListId="8c84fa94-04c1-424b-9868-57a2d4851a1d" relativeResultsDirectory="4a68fae5-11c3-45ea-9f24-0d7bd8f2db21" />
    <UnitTestResult executionId="750d753a-fbd2-4789-a574-65f3575ee4f7" testId="9b3bbf43-a299-db5d-d003-f3c48eb717d1" testName="TokenVector.Data.Tests.DataFrameBasicTests.TestDataFrame_Sorting" computerName="DESKTOP-VM4E32V" duration="00:00:00.0029714" startTime="2026-09-13T13:41:00.2491825+07:00" endTime="2026-09-13T13:41:00.2491826+07:00" testType="13cdc9d9-ddb5-4fa4-a97d-d965ccfc6d4b" outcome="Passed" testListId="8c84fa94-04c1-424b-9868-57a2d4851a1d" relativeResultsDirectory="750d753a-fbd2-4789-a574-65f3575ee4f7" />
    <UnitTestResult executionId="1f6fb159-c7ee-4422-b330-63540d98a05b" testId="429b7133-d830-92cc-3eaf-2a396a5c194a" testName="TokenVector.Data.Tests.ColumnAndSeriesTests.TestSeries_ArithmeticAndAggregations" computerName="DESKTOP-VM4E32V" duration="00:00:00.0061392" startTime="2026-09-13T13:41:00.2546176+07:00" endTime="2026-09-13T13:41:00.2546177+07:00" testType="13cdc9d9-ddb5-4fa4-a97d-d965ccfc6d4b" outcome="Passed" testListId="8c84fa94-04c1-424b-9868-57a2d4851a1d" relativeResultsDirectory="1f6fb159-c7ee-4422-b330-63540d98a05b" />
    <UnitTestResult executionId="99dceef2-8b07-4cc9-98e0-0f4c8e090427" testId="c8bb4a5d-7188-6526-07ee-68907da22550" testName="TokenVector.Data.Tests.ColumnAndSeriesTests.TestStringColumn_ArrowLayoutAndNulls" computerName="DESKTOP-VM4E32V" duration="00:00:00.0016082" startTime="2026-09-13T13:41:00.2491238+07:00" endTime="2026-09-13T13:41:00.2491238+07:00" testType="13cdc9d9-ddb5-4fa4-a97d-d965ccfc6d4b" outcome="Passed" testListId="8c84fa94-04c1-424b-9868-57a2d4851a1d" relativeResultsDirectory="99dceef2-8b07-4cc9-98e0-0f4c8e090427" />
    <UnitTestResult executionId="97bc1d52-f770-44e8-a968-2b70234f4e9a" testId="ff98588b-d593-97b8-6475-541b0ec30b8c" testName="TokenVector.Data.Tests.NumericsInteropTests.TestSeriesToNDArray_ZeroCopy" computerName="DESKTOP-VM4E32V" duration="00:00:00.0012445" startTime="2026-09-13T13:41:00.2517450+07:00" endTime="2026-09-13T13:41:00.2517450+07:00" testType="13cdc9d9-ddb5-4fa4-a97d-d965ccfc6d4b" outcome="Passed" testListId="8c84fa94-04c1-424b-9868-57a2d4851a1d" relativeResultsDirectory="97bc1d52-f770-44e8-a968-2b70234f4e9a" />
    <UnitTestResult executionId="0f579d87-7837-49cc-a1c4-88f87882b913" testId="2197cfaa-8e4b-08e3-cbae-feb20ef4a375" testName="TokenVector.Data.Tests.NumericsInteropTests.TestSeriesAndDataFrameToTensor_AutogradDifferentiable" computerName="DESKTOP-VM4E32V" duration="00:00:00.0208922" startTime="2026-09-13T13:41:00.2555198+07:00" endTime="2026-09-13T13:41:00.2555198+07:00" testType="13cdc9d9-ddb5-4fa4-a97d-d965ccfc6d4b" outcome="Passed" testListId="8c84fa94-04c1-424b-9868-57a2d4851a1d" relativeResultsDirectory="0f579d87-7837-49cc-a1c4-88f87882b913" />
    <UnitTestResult executionId="a7b467da-c2b7-4db5-a18e-c7bd2901eef2" testId="f7e4e271-d9d6-e3c8-57d1-2e69566cb54d" testName="TokenVector.Data.Tests.ColumnAndSeriesTests.TestColumn_TypedAllocationAndNulls" computerName="DESKTOP-VM4E32V" duration="00:00:00.0146244" startTime="2026-09-13T13:41:00.2103692+07:00" endTime="2026-09-13T13:41:00.2103693+07:00" testType="13cdc9d9-ddb5-4fa4-a97d-d965ccfc6d4b" outcome="Passed" testListId="8c84fa94-04c1-424b-9868-57a2d4851a1d" relativeResultsDirectory="a7b467da-c2b7-4db5-a18e-c7bd2901eef2" />
    <UnitTestResult executionId="36633368-88a5-4b23-8bfc-8ec13c5be41e" testId="4a4c885d-c457-2a98-6267-5fc70687326e" testName="TokenVector.Data.Tests.DataFrameBasicTests.TestDataFrame_Describe" computerName="DESKTOP-VM4E32V" duration="00:00:00.0009974" startTime="2026-09-13T13:41:00.2551268+07:00" endTime="2026-09-13T13:41:00.2551269+07:00" testType="13cdc9d9-ddb5-4fa4-a97d-d965ccfc6d4b" outcome="Passed" testListId="8c84fa94-04c1-424b-9868-57a2d4851a1d" relativeResultsDirectory="36633368-88a5-4b23-8bfc-8ec13c5be41e" />
    <UnitTestResult executionId="e5521c9b-4f94-493f-8b55-2a6da83aa45f" testId="22dbfd68-3d48-de4e-e9f9-cda68dd0ff7f" testName="TokenVector.Data.Tests.ColumnAndSeriesTests.TestSeries_MathUnaryOperations" computerName="DESKTOP-VM4E32V" duration="00:00:00.0016620" startTime="2026-09-13T13:41:00.2519192+07:00" endTime="2026-09-13T13:41:00.2519192+07:00" testType="13cdc9d9-ddb5-4fa4-a97d-d965ccfc6d4b" outcome="Passed" testListId="8c84fa94-04c1-424b-9868-57a2d4851a1d" relativeResultsDirectory="e5521c9b-4f94-493f-8b55-2a6da83aa45f" />
    <UnitTestResult executionId="8cb0cfa6-75c0-47d9-9605-27f4036aacf8" testId="919e5a7d-9da3-3e26-315a-ee41c22a53dc" testName="TokenVector.Data.Tests.CsvAndJsonIOTests.TestCsvReader_NoHeader" computerName="DESKTOP-VM4E32V" duration="00:00:00.0262988" startTime="2026-09-13T13:41:00.2518124+07:00" endTime="2026-09-13T13:41:00.2518125+07:00" testType="13cdc9d9-ddb5-4fa4-a97d-d965ccfc6d4b" outcome="Passed" testListId="8c84fa94-04c1-424b-9868-57a2d4851a1d" relativeResultsDirectory="8cb0cfa6-75c0-47d9-9605-27f4036aacf8" />
    <UnitTestResult executionId="702fec8c-4118-4c42-932f-b33d118df3dc" testId="dc975104-3300-f898-0877-798607ed672a" testName="TokenVector.Data.Tests.ColumnAndSeriesTests.TestBitmapMask_BitwiseLogic" computerName="DESKTOP-VM4E32V" duration="00:00:00.0012053" startTime="2026-09-13T13:41:00.2553696+07:00" endTime="2026-09-13T13:41:00.2553696+07:00" testType="13cdc9d9-ddb5-4fa4-a97d-d965ccfc6d4b" outcome="Passed" testListId="8c84fa94-04c1-424b-9868-57a2d4851a1d" relativeResultsDirectory="702fec8c-4118-4c42-932f-b33d118df3dc" />
    <UnitTestResult executionId="5208c020-b792-4e2b-8a7d-d77d6624aaa1" testId="9d904d57-0861-74e2-fd2a-1da77ef7b9c5" testName="TokenVector.Data.Tests.FilterAndComputeTests.TestFilterEngine_ParallelPredicate" computerName="DESKTOP-VM4E32V" duration="00:00:00.0010043" startTime="2026-09-13T13:41:00.2552428+07:00" endTime="2026-09-13T13:41:00.2552429+07:00" testType="13cdc9d9-ddb5-4fa4-a97d-d965ccfc6d4b" outcome="Passed" testListId="8c84fa94-04c1-424b-9868-57a2d4851a1d" relativeResultsDirectory="5208c020-b792-4e2b-8a7d-d77d6624aaa1" />
    <UnitTestResult executionId="e2cfeb00-ebcc-48be-aa05-40dec3eee248" testId="3215a570-f6a2-d451-47fe-d39debbd4d4a" testName="TokenVector.Data.Tests.CsvAndJsonIOTests.TestJsonReader_JsonArray" computerName="DESKTOP-VM4E32V" duration="00:00:00.0062625" startTime="2026-09-13T13:41:00.2528140+07:00" endTime="2026-09-13T13:41:00.2528141+07:00" testType="13cdc9d9-ddb5-4fa4-a97d-d965ccfc6d4b" outcome="Passed" testListId="8c84fa94-04c1-424b-9868-57a2d4851a1d" relativeResultsDirectory="e2cfeb00-ebcc-48be-aa05-40dec3eee248" />
    <UnitTestResult executionId="5edd606c-5b7a-4ea8-a205-801dc2f52fa6" testId="820e6b97-8a47-685f-3550-9fed403082c9" testName="TokenVector.Data.Tests.JoinAndReshapeTests.TestReshape_PivotAndMelt" computerName="DESKTOP-VM4E32V" duration="00:00:00.0088293" startTime="2026-09-13T13:41:00.2520312+07:00" endTime="2026-09-13T13:41:00.2520313+07:00" testType="13cdc9d9-ddb5-4fa4-a97d-d965ccfc6d4b" outcome="Passed" testListId="8c84fa94-04c1-424b-9868-57a2d4851a1d" relativeResultsDirectory="5edd606c-5b7a-4ea8-a205-801dc2f52fa6" />
    <UnitTestResult executionId="d48ddb96-e1e0-4edc-84ad-c2250e138b02" testId="cbdce098-b6c0-e547-3044-8bc17a7e68f4" testName="TokenVector.Data.Tests.JoinAndReshapeTests.TestJoin_LeftJoin" computerName="DESKTOP-VM4E32V" duration="00:00:00.0004280" startTime="2026-09-13T13:41:00.2535032+07:00" endTime="2026-09-13T13:41:00.2535032+07:00" testType="13cdc9d9-ddb5-4fa4-a97d-d965ccfc6d4b" outcome="Passed" testListId="8c84fa94-04c1-424b-9868-57a2d4851a1d" relativeResultsDirectory="d48ddb96-e1e0-4edc-84ad-c2250e138b02" />
    <UnitTestResult executionId="a033e24c-9543-4081-9b38-3142c3e319ee" testId="ca67e33e-26ab-eb8b-d140-fdbcbd2b77a8" testName="TokenVector.Data.Tests.JoinAndReshapeTests.TestJoin_CrossJoin" computerName="DESKTOP-VM4E32V" duration="00:00:00.0004461" startTime="2026-09-13T13:41:00.2533843+07:00" endTime="2026-09-13T13:41:00.2533843+07:00" testType="13cdc9d9-ddb5-4fa4-a97d-d965ccfc6d4b" outcome="Passed" testListId="8c84fa94-04c1-424b-9868-57a2d4851a1d" relativeResultsDirectory="a033e24c-9543-4081-9b38-3142c3e319ee" />
    <UnitTestResult executionId="fd770a97-d7d5-493a-bde2-8ba5a62cab68" testId="000bb2d6-3853-b666-22d0-bf9ed7cab054" testName="TokenVector.Data.Tests.FilterAndComputeTests.TestWindowFunctions_RollingStatistics" computerName="DESKTOP-VM4E32V" duration="00:00:00.0147955" startTime="2026-09-13T13:41:00.2062502+07:00" endTime="2026-09-13T13:41:00.2062916+07:00" testType="13cdc9d9-ddb5-4fa4-a97d-d965ccfc6d4b" outcome="Passed" testListId="8c84fa94-04c1-424b-9868-57a2d4851a1d" relativeResultsDirectory="fd770a97-d7d5-493a-bde2-8ba5a62cab68" />
    <UnitTestResult executionId="e23961eb-1b64-4eff-a7c4-8d3ed9dbd6f9" testId="7510a3b6-2eed-19d4-8155-6c5fa36218f2" testName="TokenVector.Data.Tests.ColumnAndSeriesTests.TestSeries_FillNullAndDropNull" computerName="DESKTOP-VM4E32V" duration="00:00:00.0005691" startTime="2026-09-13T13:41:00.2534407+07:00" endTime="2026-09-13T13:41:00.2534408+07:00" testType="13cdc9d9-ddb5-4fa4-a97d-d965ccfc6d4b" outcome="Passed" testListId="8c84fa94-04c1-424b-9868-57a2d4851a1d" relativeResultsDirectory="e23961eb-1b64-4eff-a7c4-8d3ed9dbd6f9" />
    <UnitTestResult executionId="bb2a2fa3-b095-46f3-997b-13f8c2a053bb" testId="11627b1a-9579-9044-6aad-e6943580094f" testName="TokenVector.Data.Tests.JoinAndReshapeTests.TestReshape_ConcatVerticalAndHorizontal" computerName="DESKTOP-VM4E32V" duration="00:00:00.0034142" startTime="2026-09-13T13:41:00.2526482+07:00" endTime="2026-09-13T13:41:00.2526483+07:00" testType="13cdc9d9-ddb5-4fa4-a97d-d965ccfc6d4b" outcome="Passed" testListId="8c84fa94-04c1-424b-9868-57a2d4851a1d" relativeResultsDirectory="bb2a2fa3-b095-46f3-997b-13f8c2a053bb" />
    <UnitTestResult executionId="17f36fad-2b3e-42c1-8419-470e74bb7c73" testId="72b57734-d062-e300-c141-210ec16ff00a" testName="TokenVector.Data.Tests.JoinAndReshapeTests.TestJoin_AsOfJoin_ForwardAndNearest" computerName="DESKTOP-VM4E32V" duration="00:00:00.0015483" startTime="2026-09-13T13:41:00.2533009+07:00" endTime="2026-09-13T13:41:00.2533010+07:00" testType="13cdc9d9-ddb5-4fa4-a97d-d965ccfc6d4b" outcome="Passed" testListId="8c84fa94-04c1-424b-9868-57a2d4851a1d" relativeResultsDirectory="17f36fad-2b3e-42c1-8419-470e74bb7c73" />
    <UnitTestResult executionId="704bcde3-17a3-400f-a556-90d130fdfe18" testId="84ee9d14-e3d0-912c-3876-c8036e388001" testName="TokenVector.Data.Tests.CsvAndJsonIOTests.TestCsvReader_SemicolonAndTabDelimiters" computerName="DESKTOP-VM4E32V" duration="00:00:00.0029328" startTime="2026-09-13T13:41:00.2536711+07:00" endTime="2026-09-13T13:41:00.2536712+07:00" testType="13cdc9d9-ddb5-4fa4-a97d-d965ccfc6d4b" outcome="Passed" testListId="8c84fa94-04c1-424b-9868-57a2d4851a1d" relativeResultsDirectory="704bcde3-17a3-400f-a556-90d130fdfe18" />
    <UnitTestResult executionId="1700141e-ae8b-4bd4-a5bc-e5f966010a69" testId="230952ba-412e-6e16-13ec-bb9fcbfd054b" testName="TokenVector.Data.Tests.DataFrameBasicTests.TestDataFrame_IndexingAndSlicing" computerName="DESKTOP-VM4E32V" duration="00:00:00.0010278" startTime="2026-09-13T13:41:00.2508591+07:00" endTime="2026-09-13T13:41:00.2508592+07:00" testType="13cdc9d9-ddb5-4fa4-a97d-d965ccfc6d4b" outcome="Passed" testListId="8c84fa94-04c1-424b-9868-57a2d4851a1d" relativeResultsDirectory="1700141e-ae8b-4bd4-a5bc-e5f966010a69" />
    <UnitTestResult executionId="eb8f113a-57f4-4317-a6fa-ca27bab03c29" testId="062dbfae-6899-8880-4a5b-2f70520957d5" testName="TokenVector.Data.Tests.DataFrameBasicTests.TestDataFrame_DropNullAndFillNull" computerName="DESKTOP-VM4E32V" duration="00:00:00.0179598" startTime="2026-09-13T13:41:00.2104577+07:00" endTime="2026-09-13T13:41:00.2104578+07:00" testType="13cdc9d9-ddb5-4fa4-a97d-d965ccfc6d4b" outcome="Passed" testListId="8c84fa94-04c1-424b-9868-57a2d4851a1d" relativeResultsDirectory="eb8f113a-57f4-4317-a6fa-ca27bab03c29" />
    <UnitTestResult executionId="dd9c1d68-57d3-408a-8cac-b6ac66aa654e" testId="34f55083-f2b1-0300-336b-1417d6021074" testName="TokenVector.Data.Tests.ColumnAndSeriesTests.TestColumn_CastOperations" computerName="DESKTOP-VM4E32V" duration="00:00:00.0055706" startTime="2026-09-13T13:41:00.2527687+07:00" endTime="2026-09-13T13:41:00.2527688+07:00" testType="13cdc9d9-ddb5-4fa4-a97d-d965ccfc6d4b" outcome="Passed" testListId="8c84fa94-04c1-424b-9868-57a2d4851a1d" relativeResultsDirectory="dd9c1d68-57d3-408a-8cac-b6ac66aa654e" />
    <UnitTestResult executionId="3627272e-fd2e-4c55-8642-20a363161476" testId="e72637b9-33da-9ed9-b824-e474133c0fab" testName="TokenVector.Data.Tests.ColumnAndSeriesTests.TestColumn_TakeAndFilter" computerName="DESKTOP-VM4E32V" duration="00:00:00.0005615" startTime="2026-09-13T13:41:00.2490425+07:00" endTime="2026-09-13T13:41:00.2490426+07:00" testType="13cdc9d9-ddb5-4fa4-a97d-d965ccfc6d4b" outcome="Passed" testListId="8c84fa94-04c1-424b-9868-57a2d4851a1d" relativeResultsDirectory="3627272e-fd2e-4c55-8642-20a363161476" />
    <UnitTestResult executionId="101e3bfa-ab58-47a8-97a7-e04b7f038d38" testId="4ee553e1-7c9d-a2eb-eaee-d130959322c0" testName="TokenVector.Data.Tests.NumericsInteropTests.TestFromNDArrayAndFromTensor_ToDataFrame" computerName="DESKTOP-VM4E32V" duration="00:00:00.0054715" startTime="2026-09-13T13:41:00.2510161+07:00" endTime="2026-09-13T13:41:00.2510162+07:00" testType="13cdc9d9-ddb5-4fa4-a97d-d965ccfc6d4b" outcome="Passed" testListId="8c84fa94-04c1-424b-9868-57a2d4851a1d" relativeResultsDirectory="101e3bfa-ab58-47a8-97a7-e04b7f038d38" />
    <UnitTestResult executionId="e17e29ea-6955-40ce-81aa-9504001909e3" testId="5fd3514c-cb13-e0ab-bbfa-f3fd61850dc0" testName="TokenVector.Data.Tests.DataFrameBasicTests.TestDataFrame_MutationAndRenaming" computerName="DESKTOP-VM4E32V" duration="00:00:00.0017497" startTime="2026-09-13T13:41:00.2544272+07:00" endTime="2026-09-13T13:41:00.2544272+07:00" testType="13cdc9d9-ddb5-4fa4-a97d-d965ccfc6d4b" outcome="Passed" testListId="8c84fa94-04c1-424b-9868-57a2d4851a1d" relativeResultsDirectory="e17e29ea-6955-40ce-81aa-9504001909e3" />
    <UnitTestResult executionId="09548bf7-1931-4857-b904-976a3e2b146f" testId="a150c841-293d-630d-b22e-ad9c2e0d08eb" testName="TokenVector.Data.Tests.FilterAndComputeTests.TestAggregations_VarianceStdAndQuantile" computerName="DESKTOP-VM4E32V" duration="00:00:00.0048489" startTime="2026-09-13T13:41:00.2537302+07:00" endTime="2026-09-13T13:41:00.2537303+07:00" testType="13cdc9d9-ddb5-4fa4-a97d-d965ccfc6d4b" outcome="Passed" testListId="8c84fa94-04c1-424b-9868-57a2d4851a1d" relativeResultsDirectory="09548bf7-1931-4857-b904-976a3e2b146f" />
    <UnitTestResult executionId="36798c28-774c-470b-86e6-20af63320821" testId="c84e1e6d-e90c-a03b-9c4a-acbcae78e1da" testName="TokenVector.Data.Tests.DataFrameBasicTests.TestDataFrame_CreationAndShapes" computerName="DESKTOP-VM4E32V" duration="00:00:00.0132999" startTime="2026-09-13T13:41:00.2543180+07:00" endTime="2026-09-13T13:41:00.2543180+07:00" testType="13cdc9d9-ddb5-4fa4-a97d-d965ccfc6d4b" outcome="Passed" testListId="8c84fa94-04c1-424b-9868-57a2d4851a1d" relativeResultsDirectory="36798c28-774c-470b-86e6-20af63320821" />
    <UnitTestResult executionId="ff94427c-0261-4ca6-bab9-585538a4289a" testId="3f2d5c53-7fab-1324-7ef2-a11979381830" testName="TokenVector.Data.Tests.ColumnAndSeriesTests.TestBitmapMask_BasicOperations" computerName="DESKTOP-VM4E32V" duration="00:00:00.0006479" startTime="2026-09-13T13:41:00.2488269+07:00" endTime="2026-09-13T13:41:00.2488269+07:00" testType="13cdc9d9-ddb5-4fa4-a97d-d965ccfc6d4b" outcome="Passed" testListId="8c84fa94-04c1-424b-9868-57a2d4851a1d" relativeResultsDirectory="ff94427c-0261-4ca6-bab9-585538a4289a" />
    <UnitTestResult executionId="cfd13449-5846-41eb-b70d-82e95f9d0e7c" testId="1cc8f770-ea0f-545d-6e56-0ded7649a28f" testName="TokenVector.Data.Tests.ColumnAndSeriesTests.TestStringColumn_CastToNumeric" computerName="DESKTOP-VM4E32V" duration="00:00:00.0016650" startTime="2026-09-13T13:41:00.2554774+07:00" endTime="2026-09-13T13:41:00.2554775+07:00" testType="13cdc9d9-ddb5-4fa4-a97d-d965ccfc6d4b" outcome="Passed" testListId="8c84fa94-04c1-424b-9868-57a2d4851a1d" relativeResultsDirectory="cfd13449-5846-41eb-b70d-82e95f9d0e7c" />
    <UnitTestResult executionId="e4cc2280-e115-4391-b2f3-c3128a583655" testId="c42335b8-ea5f-9c46-b672-5c0ab19f2084" testName="TokenVector.Data.Tests.JoinAndReshapeTests.TestJoin_RightAndFullOuter" computerName="DESKTOP-VM4E32V" duration="00:00:00.0003954" startTime="2026-09-13T13:41:00.2536281+07:00" endTime="2026-09-13T13:41:00.2536282+07:00" testType="13cdc9d9-ddb5-4fa4-a97d-d965ccfc6d4b" outcome="Passed" testListId="8c84fa94-04c1-424b-9868-57a2d4851a1d" relativeResultsDirectory="e4cc2280-e115-4391-b2f3-c3128a583655" />
  </Results>
  <TestDefinitions>
    <UnitTest name="TokenVector.Data.Tests.CsvAndJsonIOTests.TestJsonReader_JsonArray" storage="d:\tokenvector.data\tests\tokenvector.data.tests\bin\release\net8.0\tokenvector.data.tests.dll" id="3215a570-f6a2-d451-47fe-d39debbd4d4a">
      <Execution id="e2cfeb00-ebcc-48be-aa05-40dec3eee248" />
      <TestMethod codeBase="D:\TokenVector.Data\tests\TokenVector.Data.Tests\bin\Release\net8.0\TokenVector.Data.Tests.dll" adapterTypeName="executor://xunit/VsTestRunner2/netcoreapp" className="TokenVector.Data.Tests.CsvAndJsonIOTests" name="TestJsonReader_JsonArray" />
    </UnitTest>
    <UnitTest name="TokenVector.Data.Tests.NumericsInteropTests.TestSeriesToNDArray_ZeroCopy" storage="d:\tokenvector.data\tests\tokenvector.data.tests\bin\release\net8.0\tokenvector.data.tests.dll" id="ff98588b-d593-97b8-6475-541b0ec30b8c">
      <Execution id="97bc1d52-f770-44e8-a968-2b70234f4e9a" />
      <TestMethod codeBase="D:\TokenVector.Data\tests\TokenVector.Data.Tests\bin\Release\net8.0\TokenVector.Data.Tests.dll" adapterTypeName="executor://xunit/VsTestRunner2/netcoreapp" className="TokenVector.Data.Tests.NumericsInteropTests" name="TestSeriesToNDArray_ZeroCopy" />
    </UnitTest>
    <UnitTest name="TokenVector.Data.Tests.NumericsInteropTests.TestFromNDArrayAndFromTensor_ToDataFrame" storage="d:\tokenvector.data\tests\tokenvector.data.tests\bin\release\net8.0\tokenvector.data.tests.dll" id="4ee553e1-7c9d-a2eb-eaee-d130959322c0">
      <Execution id="101e3bfa-ab58-47a8-97a7-e04b7f038d38" />
      <TestMethod codeBase="D:\TokenVector.Data\tests\TokenVector.Data.Tests\bin\Release\net8.0\TokenVector.Data.Tests.dll" adapterTypeName="executor://xunit/VsTestRunner2/netcoreapp" className="TokenVector.Data.Tests.NumericsInteropTests" name="TestFromNDArrayAndFromTensor_ToDataFrame" />
    </UnitTest>
    <UnitTest name="TokenVector.Data.Tests.ColumnAndSeriesTests.TestSeries_ArithmeticAndAggregations" storage="d:\tokenvector.data\tests\tokenvector.data.tests\bin\release\net8.0\tokenvector.data.tests.dll" id="429b7133-d830-92cc-3eaf-2a396a5c194a">
      <Execution id="1f6fb159-c7ee-4422-b330-63540d98a05b" />
      <TestMethod codeBase="D:\TokenVector.Data\tests\TokenVector.Data.Tests\bin\Release\net8.0\TokenVector.Data.Tests.dll" adapterTypeName="executor://xunit/VsTestRunner2/netcoreapp" className="TokenVector.Data.Tests.ColumnAndSeriesTests" name="TestSeries_ArithmeticAndAggregations" />
    </UnitTest>
    <UnitTest name="TokenVector.Data.Tests.DataFrameBasicTests.TestDataFrame_Sorting" storage="d:\tokenvector.data\tests\tokenvector.data.tests\bin\release\net8.0\tokenvector.data.tests.dll" id="9b3bbf43-a299-db5d-d003-f3c48eb717d1">
      <Execution id="750d753a-fbd2-4789-a574-65f3575ee4f7" />
      <TestMethod codeBase="D:\TokenVector.Data\tests\TokenVector.Data.Tests\bin\Release\net8.0\TokenVector.Data.Tests.dll" adapterTypeName="executor://xunit/VsTestRunner2/netcoreapp" className="TokenVector.Data.Tests.DataFrameBasicTests" name="TestDataFrame_Sorting" />
    </UnitTest>
    <UnitTest name="TokenVector.Data.Tests.JoinAndReshapeTests.TestJoin_AsOfJoin_TimeMatching" storage="d:\tokenvector.data\tests\tokenvector.data.tests\bin\release\net8.0\tokenvector.data.tests.dll" id="1ef8f2a0-afb2-436d-de67-fbfe9448655f">
      <Execution id="f8d8e7d3-550f-467d-831d-2d539cc5f0fe" />
      <TestMethod codeBase="D:\TokenVector.Data\tests\TokenVector.Data.Tests\bin\Release\net8.0\TokenVector.Data.Tests.dll" adapterTypeName="executor://xunit/VsTestRunner2/netcoreapp" className="TokenVector.Data.Tests.JoinAndReshapeTests" name="TestJoin_AsOfJoin_TimeMatching" />
    </UnitTest>
    <UnitTest name="TokenVector.Data.Tests.DataFrameBasicTests.TestDataFrame_MutationAndRenaming" storage="d:\tokenvector.data\tests\tokenvector.data.tests\bin\release\net8.0\tokenvector.data.tests.dll" id="5fd3514c-cb13-e0ab-bbfa-f3fd61850dc0">
      <Execution id="e17e29ea-6955-40ce-81aa-9504001909e3" />
      <TestMethod codeBase="D:\TokenVector.Data\tests\TokenVector.Data.Tests\bin\Release\net8.0\TokenVector.Data.Tests.dll" adapterTypeName="executor://xunit/VsTestRunner2/netcoreapp" className="TokenVector.Data.Tests.DataFrameBasicTests" name="TestDataFrame_MutationAndRenaming" />
    </UnitTest>
    <UnitTest name="TokenVector.Data.Tests.JoinAndReshapeTests.TestJoin_LeftJoin" storage="d:\tokenvector.data\tests\tokenvector.data.tests\bin\release\net8.0\tokenvector.data.tests.dll" id="cbdce098-b6c0-e547-3044-8bc17a7e68f4">
      <Execution id="d48ddb96-e1e0-4edc-84ad-c2250e138b02" />
      <TestMethod codeBase="D:\TokenVector.Data\tests\TokenVector.Data.Tests\bin\Release\net8.0\TokenVector.Data.Tests.dll" adapterTypeName="executor://xunit/VsTestRunner2/netcoreapp" className="TokenVector.Data.Tests.JoinAndReshapeTests" name="TestJoin_LeftJoin" />
    </UnitTest>
    <UnitTest name="TokenVector.Data.Tests.ColumnAndSeriesTests.TestColumn_TypedAllocationAndNulls" storage="d:\tokenvector.data\tests\tokenvector.data.tests\bin\release\net8.0\tokenvector.data.tests.dll" id="f7e4e271-d9d6-e3c8-57d1-2e69566cb54d">
      <Execution id="a7b467da-c2b7-4db5-a18e-c7bd2901eef2" />
      <TestMethod codeBase="D:\TokenVector.Data\tests\TokenVector.Data.Tests\bin\Release\net8.0\TokenVector.Data.Tests.dll" adapterTypeName="executor://xunit/VsTestRunner2/netcoreapp" className="TokenVector.Data.Tests.ColumnAndSeriesTests" name="TestColumn_TypedAllocationAndNulls" />
    </UnitTest>
    <UnitTest name="TokenVector.Data.Tests.FilterAndComputeTests.TestWindowFunctions_RollingStatistics" storage="d:\tokenvector.data\tests\tokenvector.data.tests\bin\release\net8.0\tokenvector.data.tests.dll" id="000bb2d6-3853-b666-22d0-bf9ed7cab054">
      <Execution id="fd770a97-d7d5-493a-bde2-8ba5a62cab68" />
      <TestMethod codeBase="D:\TokenVector.Data\tests\TokenVector.Data.Tests\bin\Release\net8.0\TokenVector.Data.Tests.dll" adapterTypeName="executor://xunit/VsTestRunner2/netcoreapp" className="TokenVector.Data.Tests.FilterAndComputeTests" name="TestWindowFunctions_RollingStatistics" />
    </UnitTest>
    <UnitTest name="TokenVector.Data.Tests.GroupByTests.TestGroupBy_FirstLastStdAggregations" storage="d:\tokenvector.data\tests\tokenvector.data.tests\bin\release\net8.0\tokenvector.data.tests.dll" id="8cb473fe-0b6c-d11c-400c-2a66b69b5c56">
      <Execution id="c67d00bc-a8b8-4019-8d33-e6aba6e4ed3d" />
      <TestMethod codeBase="D:\TokenVector.Data\tests\TokenVector.Data.Tests\bin\Release\net8.0\TokenVector.Data.Tests.dll" adapterTypeName="executor://xunit/VsTestRunner2/netcoreapp" className="TokenVector.Data.Tests.GroupByTests" name="TestGroupBy_FirstLastStdAggregations" />
    </UnitTest>
    <UnitTest name="TokenVector.Data.Tests.ColumnAndSeriesTests.TestSeries_FillNullAndDropNull" storage="d:\tokenvector.data\tests\tokenvector.data.tests\bin\release\net8.0\tokenvector.data.tests.dll" id="7510a3b6-2eed-19d4-8155-6c5fa36218f2">
      <Execution id="e23961eb-1b64-4eff-a7c4-8d3ed9dbd6f9" />
      <TestMethod codeBase="D:\TokenVector.Data\tests\TokenVector.Data.Tests\bin\Release\net8.0\TokenVector.Data.Tests.dll" adapterTypeName="executor://xunit/VsTestRunner2/netcoreapp" className="TokenVector.Data.Tests.ColumnAndSeriesTests" name="TestSeries_FillNullAndDropNull" />
    </UnitTest>
    <UnitTest name="TokenVector.Data.Tests.JoinAndReshapeTests.TestJoin_InnerJoin" storage="d:\tokenvector.data\tests\tokenvector.data.tests\bin\release\net8.0\tokenvector.data.tests.dll" id="c4a75839-7e7d-7d54-c96f-e01bf2acf2bf">
      <Execution id="8b6299af-0e54-4c5e-868c-c7013e368ed7" />
      <TestMethod codeBase="D:\TokenVector.Data\tests\TokenVector.Data.Tests\bin\Release\net8.0\TokenVector.Data.Tests.dll" adapterTypeName="executor://xunit/VsTestRunner2/netcoreapp" className="TokenVector.Data.Tests.JoinAndReshapeTests" name="TestJoin_InnerJoin" />
    </UnitTest>
    <UnitTest name="TokenVector.Data.Tests.DataFrameBasicTests.TestDataFrame_CreationAndShapes" storage="d:\tokenvector.data\tests\tokenvector.data.tests\bin\release\net8.0\tokenvector.data.tests.dll" id="c84e1e6d-e90c-a03b-9c4a-acbcae78e1da">
      <Execution id="36798c28-774c-470b-86e6-20af63320821" />
      <TestMethod codeBase="D:\TokenVector.Data\tests\TokenVector.Data.Tests\bin\Release\net8.0\TokenVector.Data.Tests.dll" adapterTypeName="executor://xunit/VsTestRunner2/netcoreapp" className="TokenVector.Data.Tests.DataFrameBasicTests" name="TestDataFrame_CreationAndShapes" />
    </UnitTest>
    <UnitTest name="TokenVector.Data.Tests.JoinAndReshapeTests.TestJoin_CrossJoin" storage="d:\tokenvector.data\tests\tokenvector.data.tests\bin\release\net8.0\tokenvector.data.tests.dll" id="ca67e33e-26ab-eb8b-d140-fdbcbd2b77a8">
      <Execution id="a033e24c-9543-4081-9b38-3142c3e319ee" />
      <TestMethod codeBase="D:\TokenVector.Data\tests\TokenVector.Data.Tests\bin\Release\net8.0\TokenVector.Data.Tests.dll" adapterTypeName="executor://xunit/VsTestRunner2/netcoreapp" className="TokenVector.Data.Tests.JoinAndReshapeTests" name="TestJoin_CrossJoin" />
    </UnitTest>
    <UnitTest name="TokenVector.Data.Tests.CsvAndJsonIOTests.TestCsvReader_SemicolonAndTabDelimiters" storage="d:\tokenvector.data\tests\tokenvector.data.tests\bin\release\net8.0\tokenvector.data.tests.dll" id="84ee9d14-e3d0-912c-3876-c8036e388001">
      <Execution id="704bcde3-17a3-400f-a556-90d130fdfe18" />
      <TestMethod codeBase="D:\TokenVector.Data\tests\TokenVector.Data.Tests\bin\Release\net8.0\TokenVector.Data.Tests.dll" adapterTypeName="executor://xunit/VsTestRunner2/netcoreapp" className="TokenVector.Data.Tests.CsvAndJsonIOTests" name="TestCsvReader_SemicolonAndTabDelimiters" />
    </UnitTest>
    <UnitTest name="TokenVector.Data.Tests.CsvAndJsonIOTests.TestJsonReader_NDJson" storage="d:\tokenvector.data\tests\tokenvector.data.tests\bin\release\net8.0\tokenvector.data.tests.dll" id="28783de9-0e5e-c3ac-03f8-be7f6a673a69">
      <Execution id="f005f47c-6aa4-4587-a7f5-c2db08356e31" />
      <TestMethod codeBase="D:\TokenVector.Data\tests\TokenVector.Data.Tests\bin\Release\net8.0\TokenVector.Data.Tests.dll" adapterTypeName="executor://xunit/VsTestRunner2/netcoreapp" className="TokenVector.Data.Tests.CsvAndJsonIOTests" name="TestJsonReader_NDJson" />
    </UnitTest>
    <UnitTest name="TokenVector.Data.Tests.DataFrameBasicTests.TestDataFrame_IndexingAndSlicing" storage="d:\tokenvector.data\tests\tokenvector.data.tests\bin\release\net8.0\tokenvector.data.tests.dll" id="230952ba-412e-6e16-13ec-bb9fcbfd054b">
      <Execution id="1700141e-ae8b-4bd4-a5bc-e5f966010a69" />
      <TestMethod codeBase="D:\TokenVector.Data\tests\TokenVector.Data.Tests\bin\Release\net8.0\TokenVector.Data.Tests.dll" adapterTypeName="executor://xunit/VsTestRunner2/netcoreapp" className="TokenVector.Data.Tests.DataFrameBasicTests" name="TestDataFrame_IndexingAndSlicing" />
    </UnitTest>
    <UnitTest name="TokenVector.Data.Tests.ColumnAndSeriesTests.TestChunkedArray_FlattenAndIndexing" storage="d:\tokenvector.data\tests\tokenvector.data.tests\bin\release\net8.0\tokenvector.data.tests.dll" id="0a3cbc3d-a95a-0785-a864-34a0ea87dc15">
      <Execution id="1166ca8d-20a7-455f-8685-952aa86bb71b" />
      <TestMethod codeBase="D:\TokenVector.Data\tests\TokenVector.Data.Tests\bin\Release\net8.0\TokenVector.Data.Tests.dll" adapterTypeName="executor://xunit/VsTestRunner2/netcoreapp" className="TokenVector.Data.Tests.ColumnAndSeriesTests" name="TestChunkedArray_FlattenAndIndexing" />
    </UnitTest>
    <UnitTest name="TokenVector.Data.Tests.DataFrameBasicTests.TestDataFrame_MaskIndexerAndSelection" storage="d:\tokenvector.data\tests\tokenvector.data.tests\bin\release\net8.0\tokenvector.data.tests.dll" id="ced2e4a7-df42-282f-1b60-0e682218ed01">
      <Execution id="a358f5cb-30a8-4480-ac00-f708d9756532" />
      <TestMethod codeBase="D:\TokenVector.Data\tests\TokenVector.Data.Tests\bin\Release\net8.0\TokenVector.Data.Tests.dll" adapterTypeName="executor://xunit/VsTestRunner2/netcoreapp" className="TokenVector.Data.Tests.DataFrameBasicTests" name="TestDataFrame_MaskIndexerAndSelection" />
    </UnitTest>
    <UnitTest name="TokenVector.Data.Tests.FilterAndComputeTests.TestVectorMath_ArithmeticOperations" storage="d:\tokenvector.data\tests\tokenvector.data.tests\bin\release\net8.0\tokenvector.data.tests.dll" id="e914f59f-1c6d-3946-5463-a23c8d1be0a9">
      <Execution id="4435b4fd-06d0-409c-8c3a-e5232ad52ef3" />
      <TestMethod codeBase="D:\TokenVector.Data\tests\TokenVector.Data.Tests\bin\Release\net8.0\TokenVector.Data.Tests.dll" adapterTypeName="executor://xunit/VsTestRunner2/netcoreapp" className="TokenVector.Data.Tests.FilterAndComputeTests" name="TestVectorMath_ArithmeticOperations" />
    </UnitTest>
    <UnitTest name="TokenVector.Data.Tests.FilterAndComputeTests.TestFilterEngine_ParallelPredicate" storage="d:\tokenvector.data\tests\tokenvector.data.tests\bin\release\net8.0\tokenvector.data.tests.dll" id="9d904d57-0861-74e2-fd2a-1da77ef7b9c5">
      <Execution id="5208c020-b792-4e2b-8a7d-d77d6624aaa1" />
      <TestMethod codeBase="D:\TokenVector.Data\tests\TokenVector.Data.Tests\bin\Release\net8.0\TokenVector.Data.Tests.dll" adapterTypeName="executor://xunit/VsTestRunner2/netcoreapp" className="TokenVector.Data.Tests.FilterAndComputeTests" name="TestFilterEngine_ParallelPredicate" />
    </UnitTest>
    <UnitTest name="TokenVector.Data.Tests.ColumnAndSeriesTests.TestColumn_TakeAndFilter" storage="d:\tokenvector.data\tests\tokenvector.data.tests\bin\release\net8.0\tokenvector.data.tests.dll" id="e72637b9-33da-9ed9-b824-e474133c0fab">
      <Execution id="3627272e-fd2e-4c55-8642-20a363161476" />
      <TestMethod codeBase="D:\TokenVector.Data\tests\TokenVector.Data.Tests\bin\Release\net8.0\TokenVector.Data.Tests.dll" adapterTypeName="executor://xunit/VsTestRunner2/netcoreapp" className="TokenVector.Data.Tests.ColumnAndSeriesTests" name="TestColumn_TakeAndFilter" />
    </UnitTest>
    <UnitTest name="TokenVector.Data.Tests.JoinAndReshapeTests.TestReshape_PivotAndMelt" storage="d:\tokenvector.data\tests\tokenvector.data.tests\bin\release\net8.0\tokenvector.data.tests.dll" id="820e6b97-8a47-685f-3550-9fed403082c9">
      <Execution id="5edd606c-5b7a-4ea8-a205-801dc2f52fa6" />
      <TestMethod codeBase="D:\TokenVector.Data\tests\TokenVector.Data.Tests\bin\Release\net8.0\TokenVector.Data.Tests.dll" adapterTypeName="executor://xunit/VsTestRunner2/netcoreapp" className="TokenVector.Data.Tests.JoinAndReshapeTests" name="TestReshape_PivotAndMelt" />
    </UnitTest>
    <UnitTest name="TokenVector.Data.Tests.NumericsInteropTests.TestSeriesAndDataFrameToTensor_AutogradDifferentiable" storage="d:\tokenvector.data\tests\tokenvector.data.tests\bin\release\net8.0\tokenvector.data.tests.dll" id="2197cfaa-8e4b-08e3-cbae-feb20ef4a375">
      <Execution id="0f579d87-7837-49cc-a1c4-88f87882b913" />
      <TestMethod codeBase="D:\TokenVector.Data\tests\TokenVector.Data.Tests\bin\Release\net8.0\TokenVector.Data.Tests.dll" adapterTypeName="executor://xunit/VsTestRunner2/netcoreapp" className="TokenVector.Data.Tests.NumericsInteropTests" name="TestSeriesAndDataFrameToTensor_AutogradDifferentiable" />
    </UnitTest>
    <UnitTest name="TokenVector.Data.Tests.FilterAndComputeTests.TestFilterEngine_CombineMasks" storage="d:\tokenvector.data\tests\tokenvector.data.tests\bin\release\net8.0\tokenvector.data.tests.dll" id="ec66bec2-e1cc-2da4-c319-4250985b1aaf">
      <Execution id="8f1c6a52-c057-4e4d-8ebe-07396dddc5c3" />
      <TestMethod codeBase="D:\TokenVector.Data\tests\TokenVector.Data.Tests\bin\Release\net8.0\TokenVector.Data.Tests.dll" adapterTypeName="executor://xunit/VsTestRunner2/netcoreapp" className="TokenVector.Data.Tests.FilterAndComputeTests" name="TestFilterEngine_CombineMasks" />
    </UnitTest>
    <UnitTest name="TokenVector.Data.Tests.DataFrameBasicTests.TestDataFrame_Describe" storage="d:\tokenvector.data\tests\tokenvector.data.tests\bin\release\net8.0\tokenvector.data.tests.dll" id="4a4c885d-c457-2a98-6267-5fc70687326e">
      <Execution id="36633368-88a5-4b23-8bfc-8ec13c5be41e" />
      <TestMethod codeBase="D:\TokenVector.Data\tests\TokenVector.Data.Tests\bin\Release\net8.0\TokenVector.Data.Tests.dll" adapterTypeName="executor://xunit/VsTestRunner2/netcoreapp" className="TokenVector.Data.Tests.DataFrameBasicTests" name="TestDataFrame_Describe" />
    </UnitTest>
    <UnitTest name="TokenVector.Data.Tests.ColumnAndSeriesTests.TestBitmapMask_BasicOperations" storage="d:\tokenvector.data\tests\tokenvector.data.tests\bin\release\net8.0\tokenvector.data.tests.dll" id="3f2d5c53-7fab-1324-7ef2-a11979381830">
      <Execution id="ff94427c-0261-4ca6-bab9-585538a4289a" />
      <TestMethod codeBase="D:\TokenVector.Data\tests\TokenVector.Data.Tests\bin\Release\net8.0\TokenVector.Data.Tests.dll" adapterTypeName="executor://xunit/VsTestRunner2/netcoreapp" className="TokenVector.Data.Tests.ColumnAndSeriesTests" name="TestBitmapMask_BasicOperations" />
    </UnitTest>
    <UnitTest name="TokenVector.Data.Tests.DataFrameBasicTests.TestDataFrame_DropNullAndFillNull" storage="d:\tokenvector.data\tests\tokenvector.data.tests\bin\release\net8.0\tokenvector.data.tests.dll" id="062dbfae-6899-8880-4a5b-2f70520957d5">
      <Execution id="eb8f113a-57f4-4317-a6fa-ca27bab03c29" />
      <TestMethod codeBase="D:\TokenVector.Data\tests\TokenVector.Data.Tests\bin\Release\net8.0\TokenVector.Data.Tests.dll" adapterTypeName="executor://xunit/VsTestRunner2/netcoreapp" className="TokenVector.Data.Tests.DataFrameBasicTests" name="TestDataFrame_DropNullAndFillNull" />
    </UnitTest>
    <UnitTest name="TokenVector.Data.Tests.FilterAndComputeTests.TestWindowFunctions_ShiftDiffCumSumRank" storage="d:\tokenvector.data\tests\tokenvector.data.tests\bin\release\net8.0\tokenvector.data.tests.dll" id="f04b413c-ce52-7ab7-c7a1-2e9d521feabb">
      <Execution id="8b0e8435-e4ed-4a7e-8249-bf5198ae997b" />
      <TestMethod codeBase="D:\TokenVector.Data\tests\TokenVector.Data.Tests\bin\Release\net8.0\TokenVector.Data.Tests.dll" adapterTypeName="executor://xunit/VsTestRunner2/netcoreapp" className="TokenVector.Data.Tests.FilterAndComputeTests" name="TestWindowFunctions_ShiftDiffCumSumRank" />
    </UnitTest>
    <UnitTest name="TokenVector.Data.Tests.GroupByTests.TestGroupBy_SingleKeyAggregations" storage="d:\tokenvector.data\tests\tokenvector.data.tests\bin\release\net8.0\tokenvector.data.tests.dll" id="33496343-b282-14ec-b39c-85ce0c1ca3ea">
      <Execution id="4c9a8f40-e05f-4b15-a2bb-4b02a76340b5" />
      <TestMethod codeBase="D:\TokenVector.Data\tests\TokenVector.Data.Tests\bin\Release\net8.0\TokenVector.Data.Tests.dll" adapterTypeName="executor://xunit/VsTestRunner2/netcoreapp" className="TokenVector.Data.Tests.GroupByTests" name="TestGroupBy_SingleKeyAggregations" />
    </UnitTest>
    <UnitTest name="TokenVector.Data.Tests.ColumnAndSeriesTests.TestStringColumn_CastToNumeric" storage="d:\tokenvector.data\tests\tokenvector.data.tests\bin\release\net8.0\tokenvector.data.tests.dll" id="1cc8f770-ea0f-545d-6e56-0ded7649a28f">
      <Execution id="cfd13449-5846-41eb-b70d-82e95f9d0e7c" />
      <TestMethod codeBase="D:\TokenVector.Data\tests\TokenVector.Data.Tests\bin\Release\net8.0\TokenVector.Data.Tests.dll" adapterTypeName="executor://xunit/VsTestRunner2/netcoreapp" className="TokenVector.Data.Tests.ColumnAndSeriesTests" name="TestStringColumn_CastToNumeric" />
    </UnitTest>
    <UnitTest name="TokenVector.Data.Tests.ColumnAndSeriesTests.TestSeries_MathUnaryOperations" storage="d:\tokenvector.data\tests\tokenvector.data.tests\bin\release\net8.0\tokenvector.data.tests.dll" id="22dbfd68-3d48-de4e-e9f9-cda68dd0ff7f">
      <Execution id="e5521c9b-4f94-493f-8b55-2a6da83aa45f" />
      <TestMethod codeBase="D:\TokenVector.Data\tests\TokenVector.Data.Tests\bin\Release\net8.0\TokenVector.Data.Tests.dll" adapterTypeName="executor://xunit/VsTestRunner2/netcoreapp" className="TokenVector.Data.Tests.ColumnAndSeriesTests" name="TestSeries_MathUnaryOperations" />
    </UnitTest>
    <UnitTest name="TokenVector.Data.Tests.ArrowAndMemMapTests.TestOutOfCoreDataFrame_PersistAndBatchRead" storage="d:\tokenvector.data\tests\tokenvector.data.tests\bin\release\net8.0\tokenvector.data.tests.dll" id="75f74b4c-192b-48d4-1015-00cf8a71164e">
      <Execution id="af4c0318-e4ec-4e87-9297-80dcfa58c352" />
      <TestMethod codeBase="D:\TokenVector.Data\tests\TokenVector.Data.Tests\bin\Release\net8.0\TokenVector.Data.Tests.dll" adapterTypeName="executor://xunit/VsTestRunner2/netcoreapp" className="TokenVector.Data.Tests.ArrowAndMemMapTests" name="TestOutOfCoreDataFrame_PersistAndBatchRead" />
    </UnitTest>
    <UnitTest name="TokenVector.Data.Tests.ArrowAndMemMapTests.TestArrowIpc_StreamRoundTrip" storage="d:\tokenvector.data\tests\tokenvector.data.tests\bin\release\net8.0\tokenvector.data.tests.dll" id="2c6b8627-d8ca-75f1-22c7-fcb460dbfa40">
      <Execution id="5f4d3bc7-766a-41aa-838d-03395752f839" />
      <TestMethod codeBase="D:\TokenVector.Data\tests\TokenVector.Data.Tests\bin\Release\net8.0\TokenVector.Data.Tests.dll" adapterTypeName="executor://xunit/VsTestRunner2/netcoreapp" className="TokenVector.Data.Tests.ArrowAndMemMapTests" name="TestArrowIpc_StreamRoundTrip" />
    </UnitTest>
    <UnitTest name="TokenVector.Data.Tests.JoinAndReshapeTests.TestJoin_AsOfJoin_ForwardAndNearest" storage="d:\tokenvector.data\tests\tokenvector.data.tests\bin\release\net8.0\tokenvector.data.tests.dll" id="72b57734-d062-e300-c141-210ec16ff00a">
      <Execution id="17f36fad-2b3e-42c1-8419-470e74bb7c73" />
      <TestMethod codeBase="D:\TokenVector.Data\tests\TokenVector.Data.Tests\bin\Release\net8.0\TokenVector.Data.Tests.dll" adapterTypeName="executor://xunit/VsTestRunner2/netcoreapp" className="TokenVector.Data.Tests.JoinAndReshapeTests" name="TestJoin_AsOfJoin_ForwardAndNearest" />
    </UnitTest>
    <UnitTest name="TokenVector.Data.Tests.ColumnAndSeriesTests.TestBitmapMask_BitwiseLogic" storage="d:\tokenvector.data\tests\tokenvector.data.tests\bin\release\net8.0\tokenvector.data.tests.dll" id="dc975104-3300-f898-0877-798607ed672a">
      <Execution id="702fec8c-4118-4c42-932f-b33d118df3dc" />
      <TestMethod codeBase="D:\TokenVector.Data\tests\TokenVector.Data.Tests\bin\Release\net8.0\TokenVector.Data.Tests.dll" adapterTypeName="executor://xunit/VsTestRunner2/netcoreapp" className="TokenVector.Data.Tests.ColumnAndSeriesTests" name="TestBitmapMask_BitwiseLogic" />
    </UnitTest>
    <UnitTest name="TokenVector.Data.Tests.NumericsInteropTests.TestDataFrameToNDArray_2DMatrix" storage="d:\tokenvector.data\tests\tokenvector.data.tests\bin\release\net8.0\tokenvector.data.tests.dll" id="b2b3a7bb-e490-3ecd-b2e7-738e73a8d706">
      <Execution id="6c0f6fa6-d270-45c1-96f3-eaa1a63492a9" />
      <TestMethod codeBase="D:\TokenVector.Data\tests\TokenVector.Data.Tests\bin\Release\net8.0\TokenVector.Data.Tests.dll" adapterTypeName="executor://xunit/VsTestRunner2/netcoreapp" className="TokenVector.Data.Tests.NumericsInteropTests" name="TestDataFrameToNDArray_2DMatrix" />
    </UnitTest>
    <UnitTest name="TokenVector.Data.Tests.GroupByTests.TestGroupBy_WithNullValues" storage="d:\tokenvector.data\tests\tokenvector.data.tests\bin\release\net8.0\tokenvector.data.tests.dll" id="cb78d588-0391-303c-0841-81b163b7b1df">
      <Execution id="4a68fae5-11c3-45ea-9f24-0d7bd8f2db21" />
      <TestMethod codeBase="D:\TokenVector.Data\tests\TokenVector.Data.Tests\bin\Release\net8.0\TokenVector.Data.Tests.dll" adapterTypeName="executor://xunit/VsTestRunner2/netcoreapp" className="TokenVector.Data.Tests.GroupByTests" name="TestGroupBy_WithNullValues" />
    </UnitTest>
    <UnitTest name="TokenVector.Data.Tests.CsvAndJsonIOTests.TestCsvWriter_RoundTrip" storage="d:\tokenvector.data\tests\tokenvector.data.tests\bin\release\net8.0\tokenvector.data.tests.dll" id="f353c519-d692-5c26-0107-019b18c9d459">
      <Execution id="38913240-ff7d-4ec7-aff7-90ef5c7d817b" />
      <TestMethod codeBase="D:\TokenVector.Data\tests\TokenVector.Data.Tests\bin\Release\net8.0\TokenVector.Data.Tests.dll" adapterTypeName="executor://xunit/VsTestRunner2/netcoreapp" className="TokenVector.Data.Tests.CsvAndJsonIOTests" name="TestCsvWriter_RoundTrip" />
    </UnitTest>
    <UnitTest name="TokenVector.Data.Tests.ColumnAndSeriesTests.TestColumn_CastOperations" storage="d:\tokenvector.data\tests\tokenvector.data.tests\bin\release\net8.0\tokenvector.data.tests.dll" id="34f55083-f2b1-0300-336b-1417d6021074">
      <Execution id="dd9c1d68-57d3-408a-8cac-b6ac66aa654e" />
      <TestMethod codeBase="D:\TokenVector.Data\tests\TokenVector.Data.Tests\bin\Release\net8.0\TokenVector.Data.Tests.dll" adapterTypeName="executor://xunit/VsTestRunner2/netcoreapp" className="TokenVector.Data.Tests.ColumnAndSeriesTests" name="TestColumn_CastOperations" />
    </UnitTest>
    <UnitTest name="TokenVector.Data.Tests.GroupByTests.TestGroupBy_MultiKeyAggregations" storage="d:\tokenvector.data\tests\tokenvector.data.tests\bin\release\net8.0\tokenvector.data.tests.dll" id="32e633f7-2c50-a9ae-9717-65ffb2fd489f">
      <Execution id="d8293e1d-14d1-4657-b0f1-f1d27b50f6ce" />
      <TestMethod codeBase="D:\TokenVector.Data\tests\TokenVector.Data.Tests\bin\Release\net8.0\TokenVector.Data.Tests.dll" adapterTypeName="executor://xunit/VsTestRunner2/netcoreapp" className="TokenVector.Data.Tests.GroupByTests" name="TestGroupBy_MultiKeyAggregations" />
    </UnitTest>
    <UnitTest name="TokenVector.Data.Tests.FilterAndComputeTests.TestVectorMath_UnaryAndTrig" storage="d:\tokenvector.data\tests\tokenvector.data.tests\bin\release\net8.0\tokenvector.data.tests.dll" id="30ceb034-da15-79a5-535a-d2754fa60060">
      <Execution id="91277771-c60e-4d4f-a652-6976a9d06bd4" />
      <TestMethod codeBase="D:\TokenVector.Data\tests\TokenVector.Data.Tests\bin\Release\net8.0\TokenVector.Data.Tests.dll" adapterTypeName="executor://xunit/VsTestRunner2/netcoreapp" className="TokenVector.Data.Tests.FilterAndComputeTests" name="TestVectorMath_UnaryAndTrig" />
    </UnitTest>
    <UnitTest name="TokenVector.Data.Tests.ColumnAndSeriesTests.TestBitmapMask_SliceAndFromIndices" storage="d:\tokenvector.data\tests\tokenvector.data.tests\bin\release\net8.0\tokenvector.data.tests.dll" id="1eb23a6a-9cf2-0482-1f6a-ea56cf956eb7">
      <Execution id="cccedb44-c476-4990-978f-e902b0dd0986" />
      <TestMethod codeBase="D:\TokenVector.Data\tests\TokenVector.Data.Tests\bin\Release\net8.0\TokenVector.Data.Tests.dll" adapterTypeName="executor://xunit/VsTestRunner2/netcoreapp" className="TokenVector.Data.Tests.ColumnAndSeriesTests" name="TestBitmapMask_SliceAndFromIndices" />
    </UnitTest>
    <UnitTest name="TokenVector.Data.Tests.CsvAndJsonIOTests.TestCsvReader_BasicAndQuotedFields" storage="d:\tokenvector.data\tests\tokenvector.data.tests\bin\release\net8.0\tokenvector.data.tests.dll" id="108ec7ef-d2aa-9c57-d323-649b50c2b7f5">
      <Execution id="29a78831-31d5-4e97-9991-55ed9d2d7745" />
      <TestMethod codeBase="D:\TokenVector.Data\tests\TokenVector.Data.Tests\bin\Release\net8.0\TokenVector.Data.Tests.dll" adapterTypeName="executor://xunit/VsTestRunner2/netcoreapp" className="TokenVector.Data.Tests.CsvAndJsonIOTests" name="TestCsvReader_BasicAndQuotedFields" />
    </UnitTest>
    <UnitTest name="TokenVector.Data.Tests.FilterAndComputeTests.TestVectorMath_Comparisons" storage="d:\tokenvector.data\tests\tokenvector.data.tests\bin\release\net8.0\tokenvector.data.tests.dll" id="6de8ea69-a5ac-5500-457e-5d2be1c86e02">
      <Execution id="236d9d6d-19ec-47d5-a91b-796b00447afb" />
      <TestMethod codeBase="D:\TokenVector.Data\tests\TokenVector.Data.Tests\bin\Release\net8.0\TokenVector.Data.Tests.dll" adapterTypeName="executor://xunit/VsTestRunner2/netcoreapp" className="TokenVector.Data.Tests.FilterAndComputeTests" name="TestVectorMath_Comparisons" />
    </UnitTest>
    <UnitTest name="TokenVector.Data.Tests.FilterAndComputeTests.TestAggregations_VarianceStdAndQuantile" storage="d:\tokenvector.data\tests\tokenvector.data.tests\bin\release\net8.0\tokenvector.data.tests.dll" id="a150c841-293d-630d-b22e-ad9c2e0d08eb">
      <Execution id="09548bf7-1931-4857-b904-976a3e2b146f" />
      <TestMethod codeBase="D:\TokenVector.Data\tests\TokenVector.Data.Tests\bin\Release\net8.0\TokenVector.Data.Tests.dll" adapterTypeName="executor://xunit/VsTestRunner2/netcoreapp" className="TokenVector.Data.Tests.FilterAndComputeTests" name="TestAggregations_VarianceStdAndQuantile" />
    </UnitTest>
    <UnitTest name="TokenVector.Data.Tests.JoinAndReshapeTests.TestReshape_ConcatVerticalAndHorizontal" storage="d:\tokenvector.data\tests\tokenvector.data.tests\bin\release\net8.0\tokenvector.data.tests.dll" id="11627b1a-9579-9044-6aad-e6943580094f">
      <Execution id="bb2a2fa3-b095-46f3-997b-13f8c2a053bb" />
      <TestMethod codeBase="D:\TokenVector.Data\tests\TokenVector.Data.Tests\bin\Release\net8.0\TokenVector.Data.Tests.dll" adapterTypeName="executor://xunit/VsTestRunner2/netcoreapp" className="TokenVector.Data.Tests.JoinAndReshapeTests" name="TestReshape_ConcatVerticalAndHorizontal" />
    </UnitTest>
    <UnitTest name="TokenVector.Data.Tests.CsvAndJsonIOTests.TestCsvReader_NoHeader" storage="d:\tokenvector.data\tests\tokenvector.data.tests\bin\release\net8.0\tokenvector.data.tests.dll" id="919e5a7d-9da3-3e26-315a-ee41c22a53dc">
      <Execution id="8cb0cfa6-75c0-47d9-9605-27f4036aacf8" />
      <TestMethod codeBase="D:\TokenVector.Data\tests\TokenVector.Data.Tests\bin\Release\net8.0\TokenVector.Data.Tests.dll" adapterTypeName="executor://xunit/VsTestRunner2/netcoreapp" className="TokenVector.Data.Tests.CsvAndJsonIOTests" name="TestCsvReader_NoHeader" />
    </UnitTest>
    <UnitTest name="TokenVector.Data.Tests.JoinAndReshapeTests.TestJoin_RightAndFullOuter" storage="d:\tokenvector.data\tests\tokenvector.data.tests\bin\release\net8.0\tokenvector.data.tests.dll" id="c42335b8-ea5f-9c46-b672-5c0ab19f2084">
      <Execution id="e4cc2280-e115-4391-b2f3-c3128a583655" />
      <TestMethod codeBase="D:\TokenVector.Data\tests\TokenVector.Data.Tests\bin\Release\net8.0\TokenVector.Data.Tests.dll" adapterTypeName="executor://xunit/VsTestRunner2/netcoreapp" className="TokenVector.Data.Tests.JoinAndReshapeTests" name="TestJoin_RightAndFullOuter" />
    </UnitTest>
    <UnitTest name="TokenVector.Data.Tests.ColumnAndSeriesTests.TestStringColumn_ArrowLayoutAndNulls" storage="d:\tokenvector.data\tests\tokenvector.data.tests\bin\release\net8.0\tokenvector.data.tests.dll" id="c8bb4a5d-7188-6526-07ee-68907da22550">
      <Execution id="99dceef2-8b07-4cc9-98e0-0f4c8e090427" />
      <TestMethod codeBase="D:\TokenVector.Data\tests\TokenVector.Data.Tests\bin\Release\net8.0\TokenVector.Data.Tests.dll" adapterTypeName="executor://xunit/VsTestRunner2/netcoreapp" className="TokenVector.Data.Tests.ColumnAndSeriesTests" name="TestStringColumn_ArrowLayoutAndNulls" />
    </UnitTest>
  </TestDefinitions>
  <TestEntries>
    <TestEntry testId="1eb23a6a-9cf2-0482-1f6a-ea56cf956eb7" executionId="cccedb44-c476-4990-978f-e902b0dd0986" testListId="8c84fa94-04c1-424b-9868-57a2d4851a1d" />
    <TestEntry testId="108ec7ef-d2aa-9c57-d323-649b50c2b7f5" executionId="29a78831-31d5-4e97-9991-55ed9d2d7745" testListId="8c84fa94-04c1-424b-9868-57a2d4851a1d" />
    <TestEntry testId="30ceb034-da15-79a5-535a-d2754fa60060" executionId="91277771-c60e-4d4f-a652-6976a9d06bd4" testListId="8c84fa94-04c1-424b-9868-57a2d4851a1d" />
    <TestEntry testId="32e633f7-2c50-a9ae-9717-65ffb2fd489f" executionId="d8293e1d-14d1-4657-b0f1-f1d27b50f6ce" testListId="8c84fa94-04c1-424b-9868-57a2d4851a1d" />
    <TestEntry testId="75f74b4c-192b-48d4-1015-00cf8a71164e" executionId="af4c0318-e4ec-4e87-9297-80dcfa58c352" testListId="8c84fa94-04c1-424b-9868-57a2d4851a1d" />
    <TestEntry testId="2c6b8627-d8ca-75f1-22c7-fcb460dbfa40" executionId="5f4d3bc7-766a-41aa-838d-03395752f839" testListId="8c84fa94-04c1-424b-9868-57a2d4851a1d" />
    <TestEntry testId="0a3cbc3d-a95a-0785-a864-34a0ea87dc15" executionId="1166ca8d-20a7-455f-8685-952aa86bb71b" testListId="8c84fa94-04c1-424b-9868-57a2d4851a1d" />
    <TestEntry testId="6de8ea69-a5ac-5500-457e-5d2be1c86e02" executionId="236d9d6d-19ec-47d5-a91b-796b00447afb" testListId="8c84fa94-04c1-424b-9868-57a2d4851a1d" />
    <TestEntry testId="8cb473fe-0b6c-d11c-400c-2a66b69b5c56" executionId="c67d00bc-a8b8-4019-8d33-e6aba6e4ed3d" testListId="8c84fa94-04c1-424b-9868-57a2d4851a1d" />
    <TestEntry testId="33496343-b282-14ec-b39c-85ce0c1ca3ea" executionId="4c9a8f40-e05f-4b15-a2bb-4b02a76340b5" testListId="8c84fa94-04c1-424b-9868-57a2d4851a1d" />
    <TestEntry testId="ced2e4a7-df42-282f-1b60-0e682218ed01" executionId="a358f5cb-30a8-4480-ac00-f708d9756532" testListId="8c84fa94-04c1-424b-9868-57a2d4851a1d" />
    <TestEntry testId="28783de9-0e5e-c3ac-03f8-be7f6a673a69" executionId="f005f47c-6aa4-4587-a7f5-c2db08356e31" testListId="8c84fa94-04c1-424b-9868-57a2d4851a1d" />
    <TestEntry testId="e914f59f-1c6d-3946-5463-a23c8d1be0a9" executionId="4435b4fd-06d0-409c-8c3a-e5232ad52ef3" testListId="8c84fa94-04c1-424b-9868-57a2d4851a1d" />
    <TestEntry testId="b2b3a7bb-e490-3ecd-b2e7-738e73a8d706" executionId="6c0f6fa6-d270-45c1-96f3-eaa1a63492a9" testListId="8c84fa94-04c1-424b-9868-57a2d4851a1d" />
    <TestEntry testId="1ef8f2a0-afb2-436d-de67-fbfe9448655f" executionId="f8d8e7d3-550f-467d-831d-2d539cc5f0fe" testListId="8c84fa94-04c1-424b-9868-57a2d4851a1d" />
    <TestEntry testId="c4a75839-7e7d-7d54-c96f-e01bf2acf2bf" executionId="8b6299af-0e54-4c5e-868c-c7013e368ed7" testListId="8c84fa94-04c1-424b-9868-57a2d4851a1d" />
    <TestEntry testId="f04b413c-ce52-7ab7-c7a1-2e9d521feabb" executionId="8b0e8435-e4ed-4a7e-8249-bf5198ae997b" testListId="8c84fa94-04c1-424b-9868-57a2d4851a1d" />
    <TestEntry testId="ec66bec2-e1cc-2da4-c319-4250985b1aaf" executionId="8f1c6a52-c057-4e4d-8ebe-07396dddc5c3" testListId="8c84fa94-04c1-424b-9868-57a2d4851a1d" />
    <TestEntry testId="f353c519-d692-5c26-0107-019b18c9d459" executionId="38913240-ff7d-4ec7-aff7-90ef5c7d817b" testListId="8c84fa94-04c1-424b-9868-57a2d4851a1d" />
    <TestEntry testId="cb78d588-0391-303c-0841-81b163b7b1df" executionId="4a68fae5-11c3-45ea-9f24-0d7bd8f2db21" testListId="8c84fa94-04c1-424b-9868-57a2d4851a1d" />
    <TestEntry testId="9b3bbf43-a299-db5d-d003-f3c48eb717d1" executionId="750d753a-fbd2-4789-a574-65f3575ee4f7" testListId="8c84fa94-04c1-424b-9868-57a2d4851a1d" />
    <TestEntry testId="429b7133-d830-92cc-3eaf-2a396a5c194a" executionId="1f6fb159-c7ee-4422-b330-63540d98a05b" testListId="8c84fa94-04c1-424b-9868-57a2d4851a1d" />
    <TestEntry testId="c8bb4a5d-7188-6526-07ee-68907da22550" executionId="99dceef2-8b07-4cc9-98e0-0f4c8e090427" testListId="8c84fa94-04c1-424b-9868-57a2d4851a1d" />
    <TestEntry testId="ff98588b-d593-97b8-6475-541b0ec30b8c" executionId="97bc1d52-f770-44e8-a968-2b70234f4e9a" testListId="8c84fa94-04c1-424b-9868-57a2d4851a1d" />
    <TestEntry testId="2197cfaa-8e4b-08e3-cbae-feb20ef4a375" executionId="0f579d87-7837-49cc-a1c4-88f87882b913" testListId="8c84fa94-04c1-424b-9868-57a2d4851a1d" />
    <TestEntry testId="f7e4e271-d9d6-e3c8-57d1-2e69566cb54d" executionId="a7b467da-c2b7-4db5-a18e-c7bd2901eef2" testListId="8c84fa94-04c1-424b-9868-57a2d4851a1d" />
    <TestEntry testId="4a4c885d-c457-2a98-6267-5fc70687326e" executionId="36633368-88a5-4b23-8bfc-8ec13c5be41e" testListId="8c84fa94-04c1-424b-9868-57a2d4851a1d" />
    <TestEntry testId="22dbfd68-3d48-de4e-e9f9-cda68dd0ff7f" executionId="e5521c9b-4f94-493f-8b55-2a6da83aa45f" testListId="8c84fa94-04c1-424b-9868-57a2d4851a1d" />
    <TestEntry testId="919e5a7d-9da3-3e26-315a-ee41c22a53dc" executionId="8cb0cfa6-75c0-47d9-9605-27f4036aacf8" testListId="8c84fa94-04c1-424b-9868-57a2d4851a1d" />
    <TestEntry testId="dc975104-3300-f898-0877-798607ed672a" executionId="702fec8c-4118-4c42-932f-b33d118df3dc" testListId="8c84fa94-04c1-424b-9868-57a2d4851a1d" />
    <TestEntry testId="9d904d57-0861-74e2-fd2a-1da77ef7b9c5" executionId="5208c020-b792-4e2b-8a7d-d77d6624aaa1" testListId="8c84fa94-04c1-424b-9868-57a2d4851a1d" />
    <TestEntry testId="3215a570-f6a2-d451-47fe-d39debbd4d4a" executionId="e2cfeb00-ebcc-48be-aa05-40dec3eee248" testListId="8c84fa94-04c1-424b-9868-57a2d4851a1d" />
    <TestEntry testId="820e6b97-8a47-685f-3550-9fed403082c9" executionId="5edd606c-5b7a-4ea8-a205-801dc2f52fa6" testListId="8c84fa94-04c1-424b-9868-57a2d4851a1d" />
    <TestEntry testId="cbdce098-b6c0-e547-3044-8bc17a7e68f4" executionId="d48ddb96-e1e0-4edc-84ad-c2250e138b02" testListId="8c84fa94-04c1-424b-9868-57a2d4851a1d" />
    <TestEntry testId="ca67e33e-26ab-eb8b-d140-fdbcbd2b77a8" executionId="a033e24c-9543-4081-9b38-3142c3e319ee" testListId="8c84fa94-04c1-424b-9868-57a2d4851a1d" />
    <TestEntry testId="000bb2d6-3853-b666-22d0-bf9ed7cab054" executionId="fd770a97-d7d5-493a-bde2-8ba5a62cab68" testListId="8c84fa94-04c1-424b-9868-57a2d4851a1d" />
    <TestEntry testId="7510a3b6-2eed-19d4-8155-6c5fa36218f2" executionId="e23961eb-1b64-4eff-a7c4-8d3ed9dbd6f9" testListId="8c84fa94-04c1-424b-9868-57a2d4851a1d" />
    <TestEntry testId="11627b1a-9579-9044-6aad-e6943580094f" executionId="bb2a2fa3-b095-46f3-997b-13f8c2a053bb" testListId="8c84fa94-04c1-424b-9868-57a2d4851a1d" />
    <TestEntry testId="72b57734-d062-e300-c141-210ec16ff00a" executionId="17f36fad-2b3e-42c1-8419-470e74bb7c73" testListId="8c84fa94-04c1-424b-9868-57a2d4851a1d" />
    <TestEntry testId="84ee9d14-e3d0-912c-3876-c8036e388001" executionId="704bcde3-17a3-400f-a556-90d130fdfe18" testListId="8c84fa94-04c1-424b-9868-57a2d4851a1d" />
    <TestEntry testId="230952ba-412e-6e16-13ec-bb9fcbfd054b" executionId="1700141e-ae8b-4bd4-a5bc-e5f966010a69" testListId="8c84fa94-04c1-424b-9868-57a2d4851a1d" />
    <TestEntry testId="062dbfae-6899-8880-4a5b-2f70520957d5" executionId="eb8f113a-57f4-4317-a6fa-ca27bab03c29" testListId="8c84fa94-04c1-424b-9868-57a2d4851a1d" />
    <TestEntry testId="34f55083-f2b1-0300-336b-1417d6021074" executionId="dd9c1d68-57d3-408a-8cac-b6ac66aa654e" testListId="8c84fa94-04c1-424b-9868-57a2d4851a1d" />
    <TestEntry testId="e72637b9-33da-9ed9-b824-e474133c0fab" executionId="3627272e-fd2e-4c55-8642-20a363161476" testListId="8c84fa94-04c1-424b-9868-57a2d4851a1d" />
    <TestEntry testId="4ee553e1-7c9d-a2eb-eaee-d130959322c0" executionId="101e3bfa-ab58-47a8-97a7-e04b7f038d38" testListId="8c84fa94-04c1-424b-9868-57a2d4851a1d" />
    <TestEntry testId="5fd3514c-cb13-e0ab-bbfa-f3fd61850dc0" executionId="e17e29ea-6955-40ce-81aa-9504001909e3" testListId="8c84fa94-04c1-424b-9868-57a2d4851a1d" />
    <TestEntry testId="a150c841-293d-630d-b22e-ad9c2e0d08eb" executionId="09548bf7-1931-4857-b904-976a3e2b146f" testListId="8c84fa94-04c1-424b-9868-57a2d4851a1d" />
    <TestEntry testId="c84e1e6d-e90c-a03b-9c4a-acbcae78e1da" executionId="36798c28-774c-470b-86e6-20af63320821" testListId="8c84fa94-04c1-424b-9868-57a2d4851a1d" />
    <TestEntry testId="3f2d5c53-7fab-1324-7ef2-a11979381830" executionId="ff94427c-0261-4ca6-bab9-585538a4289a" testListId="8c84fa94-04c1-424b-9868-57a2d4851a1d" />
    <TestEntry testId="1cc8f770-ea0f-545d-6e56-0ded7649a28f" executionId="cfd13449-5846-41eb-b70d-82e95f9d0e7c" testListId="8c84fa94-04c1-424b-9868-57a2d4851a1d" />
    <TestEntry testId="c42335b8-ea5f-9c46-b672-5c0ab19f2084" executionId="e4cc2280-e115-4391-b2f3-c3128a583655" testListId="8c84fa94-04c1-424b-9868-57a2d4851a1d" />
  </TestEntries>
  <TestLists>
    <TestList name="Results Not in a List" id="8c84fa94-04c1-424b-9868-57a2d4851a1d" />
    <TestList name="All Loaded Results" id="19431567-8539-422a-85d7-44ee4e166bda" />
  </TestLists>
  <ResultSummary outcome="Completed">
    <Counters total="51" executed="51" passed="51" failed="0" error="0" timeout="0" aborted="0" inconclusive="0" passedButRunAborted="0" notRunnable="0" notExecuted="0" disconnected="0" warning="0" completed="0" inProgress="0" pending="0" />
    <Output>
      <StdOut>[xUnit.net 00:00:00.00] xUnit.net VSTest Adapter v2.5.6+bf9b858c26 (64-bit .NET 8.0.31)&#xD;
[xUnit.net 00:00:00.58]   Discovering: TokenVector.Data.Tests&#xD;
[xUnit.net 00:00:00.63]   Discovered:  TokenVector.Data.Tests&#xD;
[xUnit.net 00:00:00.64]   Starting:    TokenVector.Data.Tests&#xD;
[xUnit.net 00:00:00.77]   Finished:    TokenVector.Data.Tests&#xD;
</StdOut>
    </Output>
  </ResultSummary>
</TestRun>